C:\Users\local\Documents\IA\Energia\nilm_app\backend\data_manager.py:149: UserWarning: Could not infer format, so each element will be parsed individually, falling back to `dateutil`. To ensure parsing is consistent and as-expected, please specify a format.
  ts = pd.to_datetime(df[date_col].astype(str).str.strip() + ' ' + df[time_col].astype(str).str.strip(), errors='coerce')
C:\Users\local\Documents\IA\Energia\nilm_app\backend\data_manager.py:149: UserWarning: Could not infer format, so each element will be parsed individually, falling back to `dateutil`. To ensure parsing is consistent and as-expected, please specify a format.
  ts = pd.to_datetime(df[date_col].astype(str).str.strip() + ' ' + df[time_col].astype(str).str.strip(), errors='coerce')
C:\Users\local\Documents\IA\Energia\nilm_app\backend\data_manager.py:149: UserWarning: Could not infer format, so each element will be parsed individually, falling back to `dateutil`. To ensure parsing is consistent and as-expected, please specify a format.
  ts = pd.to_datetime(df[date_col].astype(str).str.strip() + ' ' + df[time_col].astype(str).str.strip(), errors='coerce')
404 GET /.well-known/appspecific/com.chrome.devtools.json (::1) 25.65ms
404 GET /.well-known/appspecific/com.chrome.devtools.json (::1) 1.01ms
404 GET /.well-known/appspecific/com.chrome.devtools.json (::1) 1.69ms
404 GET /.well-known/appspecific/com.chrome.devtools.json (::1) 1.51ms
404 GET /.well-known/appspecific/com.chrome.devtools.json (::1) 2.09ms
Traceback (most recent call last):
  File "C:\Users\local\Documents\IA\Energia\nilm_app\start_server.py", line 16, in <module>
    from backend.server import make_app
  File "C:\Users\local\Documents\IA\Energia\nilm_app\backend\server.py", line 22, in <module>
    from backend.nilm_engine import NILMEngine
  File "C:\Users\local\Documents\IA\Energia\nilm_app\backend\nilm_engine.py", line 287
    total_grid_energy = float(df_work['P_total'].sum() * (10.0 / 3600.0))
                    ^
SyntaxError: ':' expected after dictionary key
